6000: .core.__START_PROGRAM
6015: .core.__CALL_BACK__
6017: .core.ZXBASIC_MEM_HEAP
6017: .core.ZXBASIC_USER_DATA
6817: ._mbutt
6818: ._mox
6819: ._moy
681A: ._r
681B: ._g
681C: ._index
681D: ._common
681F: ._mouse_mbutt
6820: ._mouse_mox
6821: ._mouse_moy
6822: ._mouse_spry
6823: ._mouse_sprx
6825: ._copperx
6826: ._copperi
6827: ._copperb
6828: ._copperl
6829: ._copperc
682A: ._copperd
682B: ._coppere
682C: ._copperj
682D: ._LUT2BITTO8BIT
682F: ._LUT2BITTO8BIT.__DATA__.__PTR__
6831: ._LUT2BITTO8BIT.__DATA__
6835: .LABEL.__LABEL58
6838: ._LUT3BITTO8BIT
683A: ._LUT3BITTO8BIT.__DATA__.__PTR__
683C: ._LUT3BITTO8BIT.__DATA__
6844: .LABEL.__LABEL59
6847: .core.ZXBASIC_USER_DATA_END
6847: .core.__MAIN_PROGRAM__
6850: .core.__END_PROGRAM
6867: .LABEL._filename
6867: .filename
6967: .endfilename
6967: .shadowlayerbit
6971: .LABEL._sindata
6971: .sindata
6FA2: ._checkints
6FB7: .itbuff
6FB8: ._checkints__leave
6FB9: ._GetReg
6FCB: ._GetReg__leave
6FD4: ._PlotL2
6FE8: .LABEL._LayerShadow
6FF2: .skip_wrap2
6FF8: ._PlotL2__leave
6FF9: ._NextRegA
7002: ._NextRegA__leave
7003: ._InitSprites2
7035: ._InitSprites2__leave
7036: ._UpdateSprite
706A: ._UpdateSprite__leave
706E: .__EXIT_FUNCTION
7078: ._L2Text
70CB: .PlotTextTile
7101: .textfontdone
7106: .endofl2text
710D: ._L2Text__leave
7127: ._CLS256
712F: .Cls256
7146: .LoadAll
714C: .ClearLoop
7167: ._CLS256__leave
7170: ._ClipLayer2
7190: ._ClipLayer2__leave
719C: ._WaitRetrace
71B7: ._WaitRetrace__leave
71C0: ._PlayMusic
71C5: ._PlayMusic__leave
71C6: ._PlaySFX
71C9: ._PlaySFX__leave
71CA: ._NStr
71E5: .CharToAsc
7207: ._NStr__leave
7208: ._fSin
7233: .LABEL.__LABEL1
726E: .LABEL.__LABEL3
72AD: .LABEL.__LABEL4
72EC: .LABEL.__LABEL5
72F0: .LABEL.__LABEL6
7328: .LABEL.__LABEL8
73E7: .LABEL._sinetable
7415: ._fSin__leave
741F: ._copper_stop
7427: ._copper_stop__leave
7428: ._reset_palette
7433: .reset_pal_loop
743D: ._reset_palette__leave
743E: ._ProcessMouse
7466: .bl
748A: .bd
74B6: .getmouse
74CF: .rangehl
74DD: .mi
74E1: .mousex
74E2: .mousey
74E3: .omousex
74E4: .omousey
74E5: .nmousex
74E6: .nmousey
74E7: .mouseb
74E8: .omouseb
74E9: .rmousex
74EB: .rmousey
74ED: .dmousex
74EE: .dmousey
74EF: ._ProcessMouse__leave
74EF: .mouseend
74F0: ._UpdatePointer
7530: ._UpdatePointer__leave
7539: ._rgb92rgb24
7549: .LABEL.__LABEL51
756B: .LABEL.__LABEL53
7585: ._rgb92rgb24__leave
758E: ._Init
75A9: ._Init__leave
75AA: ._Main
761C: .LABEL.__LABEL13
764B: .LABEL.__LABEL55
765F: .LABEL.__LABEL15
7685: .LABEL.__LABEL17
7689: .LABEL.__LABEL16
769B: .LABEL.__LABEL21
76A5: ._Main__leave
76AA: ._GetRGB
772B: ._GetRGB__leave
7734: ._UpdateText
7794: ._UpdateText__leave
779E: ._click
77F4: .LABEL.__LABEL56
7809: .LABEL.__LABEL57
785B: ._click__leave
7860: ._DisplayPalette
787A: .LABEL.__LABEL34
7881: .LABEL.__LABEL39
7888: .LABEL.__LABEL44
788F: .LABEL.__LABEL49
78B0: .LABEL.__LABEL46
78BB: .LABEL.__LABEL41
78C9: .LABEL.__LABEL36
78D4: .LABEL.__LABEL31
78DC: ._DisplayPalette__leave
78E1: ._copper_wobble
78E1: .copper_wobble
7904: .cop_upload_copperloop
7971: .wait_raster_copperline
7980: ._copper_wobble__leave
7981: .LABEL.__LABEL0
7984: .LABEL.__LABEL9
7998: .LABEL.__LABEL10
799F: .LABEL.__LABEL11
79A6: .LABEL.__LABEL12
79AD: .LABEL.__LABEL19
79B7: .LABEL.__LABEL24
79C0: .LABEL.__LABEL29
79C8: .LABEL.__LABEL30
79D0: .core.__MUL16
79D3: .core.__MUL16_FAST
79E7: .core.__ARRAY_PTR
79EB: .core.__ARRAY
7A2E: .core.__BAND16
7A35: .core.__ABS32
7A38: .core.__NEG32
7A4A: .core.__DIVU32
7A4E: .core.__DIVU32START
7A61: .core.__DIV32LOOP
7A80: .core.__DIV32NOADD
7A8E: .core.__MODU32
7A95: .core.__MODU32START
7A9C: .core.__DIVI32
7AA0: .core.__DIVI32START
7ABD: .core.__MODI32
7AC7: .core.__DIVF16
7ACC: .core.__DIVF16START
7ADF: .core.__SHIFTALOOP
7AEE: .core.__SHIFTB
7AF1: .core.__SHIFTBLOOP
7B00: .core.__DOF16_DIVIDE
7B03: .core.__DOF16_DIVRDY
7B0F: .core.__SHIFTCLOOP
7B16: .core.__ENDF16DIV
7B1D: .core.__MEM_INIT
7B23: .core.__MEM_INIT2
7B41: .core.MEM_FREE
7B41: .core.__MEM_FREE
7B93: .core.__SUB32
7BA7: .core.__LEI32
7BC4: .core.__ERROR
7BC8: .core.__ERROR_CODE
7BCA: .core.__STOP
7BCE: .core.MEM_ALLOC
7BCE: .core.__MEM_ALLOC
7C1D: .core.__ILOADSTR
7C24: .core.__LOADSTR
7C3D: .core.__LTI32
7C51: .core.__MUL32_64START
7C5B: .core.__LMUL
7C68: .core.__LMULLOOP
7C6F: .core.__LMULNOADD
7C79: .core.__LMULSTART
7C85: .core.__MULF16
7C98: .core.__ROUND_FIX
7CAF: .core.__MODF16
7CD5: .core.__PISTORE32
7CDB: .core.__ISTORE32
7CDF: .core.__STORE32
7CE7: .core.__PSTORE32
7CF0: .core.__REALLOC
7D24: .core.__STRASSIGN
7D58: .core.__STRCPY
7D6D: .core.__PISTORE_STR
7D71: .core.__ISTORE_STR
7D75: .core.__STORE_STR
7D85: .core.__STRLEN
7D8D: .core.__ADDSTR
7D8D: .core.__STRCAT2
7DB6: .core.__STR_CONT1
7DBF: .core.__STRCAT