6000: .core.__START_PROGRAM
6015: .core.__CALL_BACK__
6017: .core.ZXBASIC_MEM_HEAP
6017: .core.ZXBASIC_USER_DATA
6217: ._C
6219: ._ca
621A: ._cb
621B: ._lp
621C: ._Color
621D: ._cc
621E: ._nc
621F: ._H
6220: ._rx
6221: ._X
6222: ._Y
6223: ._a
6224: ._kx
6226: ._common
6228: ._mouse_mbutt
6229: ._mouse_mox
622A: ._mouse_moy
622B: ._mouse_spry
622C: ._mouse_sprx
622E: ._copperx
622F: ._copperi
6230: ._copperb
6231: ._copperl
6232: ._copperc
6233: ._copperd
6234: ._coppere
6235: ._copperj
6236: ._co
6238: ._co.__DATA__.__PTR__
623A: ._co.__DATA__
633A: .LABEL.__LABEL54
633D: ._si
633F: ._si.__DATA__.__PTR__
6341: ._si.__DATA__
6441: .LABEL.__LABEL55
6444: .core.ZXBASIC_USER_DATA_END
6444: .core.__MAIN_PROGRAM__
644D: .core.__END_PROGRAM
6464: .LABEL._filename
6464: .filename
6564: .endfilename
6564: .shadowlayerbit
656E: .LABEL._sindata
656E: .sindata
6B99: .LABEL._rainbow
6F9F: ._checkints
6FB4: .itbuff
6FB5: ._checkints__leave
6FB6: ._ScrollLayer
6FBF: ._ScrollLayer__leave
6FC0: ._PlotL2
6FD4: .LABEL._LayerShadow
6FDE: .skip_wrap2
6FE4: ._PlotL2__leave
6FE5: ._InitSprites2
7017: ._InitSprites2__leave
7018: ._UpdateSprite
704C: ._UpdateSprite__leave
7050: .__EXIT_FUNCTION
705A: ._L2Text
70AD: .PlotTextTile
70E3: .textfontdone
70E8: .endofl2text
70EF: ._L2Text__leave
7109: ._PalUpload
711E: .loadpal
7125: .palloop
713D: ._PalUpload__leave
7148: ._ClipLayer2
7168: ._ClipLayer2__leave
7174: ._WaitRetrace
718F: ._WaitRetrace__leave
7198: ._StopMusic
719D: ._StopMusic__leave
719E: ._PlayMusic
71A3: ._PlayMusic__leave
71A4: ._NewMusic
71B2: ._NewMusic__leave
71B3: ._PlaySFX
71B6: ._PlaySFX__leave
71B7: ._GetKey2
7205: ._GetKey2__leave
7206: ._NStr
7221: .CharToAsc
7243: ._NStr__leave
7244: ._fSin
726F: .LABEL.__LABEL1
72AA: .LABEL.__LABEL3
72E9: .LABEL.__LABEL4
7328: .LABEL.__LABEL5
732C: .LABEL.__LABEL6
7364: .LABEL.__LABEL8
7423: .LABEL._sinetable
7451: ._fSin__leave
745B: ._fCos
747F: ._fCos__leave
7489: ._copper_stop
7491: ._copper_stop__leave
7492: ._reset_palette
749D: .reset_pal_loop
74A7: ._reset_palette__leave
74A8: ._ProcessMouse
74D0: .bl
74F4: .bd
7520: .getmouse
7539: .rangehl
7547: .mi
754B: .mousex
754C: .mousey
754D: .omousex
754E: .omousey
754F: .nmousex
7550: .nmousey
7551: .mouseb
7552: .omouseb
7553: .rmousex
7555: .rmousey
7557: .dmousex
7558: .dmousey
7559: ._ProcessMouse__leave
7559: .mouseend
755A: ._UpdatePointer
759A: ._UpdatePointer__leave
75A3: ._Init
75A8: ._Init__leave
75A9: ._Main
75EA: .LABEL.__LABEL9
7665: .LABEL.__LABEL12
766C: .LABEL.__LABEL18
76B7: .LABEL.__LABEL15
774D: .LABEL.__LABEL24
777B: .LABEL.__LABEL27
7798: .LABEL.__LABEL29
77A9: .LABEL.__LABEL30
77B7: .LABEL.__LABEL32
77C7: .LABEL.__LABEL34
77D7: .LABEL.__LABEL36
77E7: .LABEL.__LABEL38
77FC: .LABEL.__LABEL52
7832: .LABEL.__LABEL43
7836: .LABEL.__LABEL44
783D: .LABEL.__LABEL40
7852: .LABEL.__LABEL53
788B: .LABEL.__LABEL48
788F: .LABEL.__LABEL49
7896: .LABEL.__LABEL45
78A1: .LABEL.__LABEL31
78B6: ._Main__leave
78BB: ._copper_wobble
78BB: .copper_wobble
78DE: .cop_upload_copperloop
794B: .wait_raster_copperline
795A: ._copper_wobble__leave
795B: .LABEL.__LABEL0
795E: .LABEL.__LABEL20
7968: .LABEL.__LABEL21
7970: .LABEL.__LABEL22
7984: .LABEL.__LABEL23
799C: .LABEL.__LABEL42
79A5: .LABEL.__LABEL47
79AA: .core.__MUL16
79AD: .core.__MUL16_FAST
79C1: .core.__ARRAY_PTR
79C5: .core.__ARRAY
7A08: .core.__ABS32
7A0B: .core.__NEG32
7A1D: .core.__DIVU32
7A21: .core.__DIVU32START
7A34: .core.__DIV32LOOP
7A53: .core.__DIV32NOADD
7A61: .core.__MODU32
7A68: .core.__MODU32START
7A6F: .core.__DIVI32
7A73: .core.__DIVI32START
7A90: .core.__MODI32
7A9A: .core.__DIVF16
7A9F: .core.__DIVF16START
7AB2: .core.__SHIFTALOOP
7AC1: .core.__SHIFTB
7AC4: .core.__SHIFTBLOOP
7AD3: .core.__DOF16_DIVIDE
7AD6: .core.__DOF16_DIVRDY
7AE2: .core.__SHIFTCLOOP
7AE9: .core.__ENDF16DIV
7AF0: .core.__MEM_INIT
7AF6: .core.__MEM_INIT2
7B14: .core.MEM_FREE
7B14: .core.__MEM_FREE
7B66: .core.__SUB32
7B7A: .core.__LEI32
7B97: .core.__ERROR
7B9B: .core.__ERROR_CODE
7B9D: .core.__STOP
7BA1: .core.MEM_ALLOC
7BA1: .core.__MEM_ALLOC
7BF0: .core.__ILOADSTR
7BF7: .core.__LOADSTR
7C10: .core.__LTI32
7C24: .core.__MUL32_64START
7C2E: .core.__LMUL
7C3B: .core.__LMULLOOP
7C42: .core.__LMULNOADD
7C4C: .core.__LMULSTART
7C58: .core.__MULF16
7C6B: .core.__ROUND_FIX
7C82: .core.__MODF16
7CA8: .core.__PISTORE32
7CAE: .core.__ISTORE32
7CB2: .core.__STORE32
7CBA: .core.__PSTORE32
7CC3: .core.__REALLOC
7CF7: .core.__STRASSIGN
7D2B: .core.__STRCPY
7D40: .core.__PISTORE_STR
7D44: .core.__ISTORE_STR
7D48: .core.__STORE_STR
7D58: .core.__STRLEN
7D60: .core.__ADDSTR
7D60: .core.__STRCAT2
7D89: .core.__STR_CONT1
7D92: .core.__STRCAT