6000: .core.__START_PROGRAM
6015: .core.__CALL_BACK__
6017: .core.ZXBASIC_MEM_HEAP
6017: .core.ZXBASIC_USER_DATA
6817: ._common
6819: ._mouse_mbutt
681A: ._mouse_mox
681B: ._mouse_moy
681C: ._mouse_spry
681D: ._mouse_sprx
681F: .core.ZXBASIC_USER_DATA_END
681F: .core.__MAIN_PROGRAM__
6828: .core.__END_PROGRAM
683F: .LABEL._filename
683F: .filename
693F: .endfilename
693F: .nbtempstackstart
6942: .shadowlayerbit
6952: ._checkints
6967: .itbuff
6968: ._checkints__leave
6969: ._InitSprites2
699B: ._InitSprites2__leave
699C: ._UpdateSprite
69D0: ._UpdateSprite__leave
69D4: .__EXIT_FUNCTION
69DE: ._L2Text
6A31: .PlotTextTile
6A67: .textfontdone
6A6C: .endofl2text
6A73: ._L2Text__leave
6A8D: ._CLS256
6A95: .Cls256
6AAC: .LoadAll
6AB2: .ClearLoop
6ACD: ._CLS256__leave
6AD6: ._WaitRetrace2
6AF7: ._WaitRetrace2__leave
6AF8: ._StopMusic
6AFD: ._StopMusic__leave
6AFE: ._PlayMusic
6B03: ._PlayMusic__leave
6B04: ._NewMusic
6B12: ._NewMusic__leave
6B13: ._PlaySFX
6B16: ._PlaySFX__leave
6B17: ._GetKey2
6B65: ._GetKey2__leave
6B66: ._NStr
6B81: .CharToAsc
6BA3: ._NStr__leave
6BA4: ._fSin
6BCF: .LABEL.__LABEL1
6C0A: .LABEL.__LABEL3
6C49: .LABEL.__LABEL4
6C88: .LABEL.__LABEL5
6C8C: .LABEL.__LABEL6
6CC4: .LABEL.__LABEL8
6D83: .LABEL._sinetable
6DB1: ._fSin__leave
6DBB: ._ProcessMouse
6DE3: .bl
6E07: .bd
6E33: .getmouse
6E4C: .rangehl
6E5A: .mi
6E5E: .mousex
6E5F: .mousey
6E60: .omousex
6E61: .omousey
6E62: .nmousex
6E63: .nmousey
6E64: .mouseb
6E65: .omouseb
6E66: .rmousex
6E68: .rmousey
6E6A: .dmousex
6E6B: .dmousey
6E6C: ._ProcessMouse__leave
6E6C: .mouseend
6E6D: ._UpdatePointer
6EAD: ._UpdatePointer__leave
6EB6: ._Init
6EBE: ._Init__leave
6EBF: ._Main
6F71: .LABEL.__LABEL13
6FEA: .LABEL.__LABEL16
6FFC: .LABEL.__LABEL18
700D: .LABEL.__LABEL19
701B: .LABEL.__LABEL21
702B: .LABEL.__LABEL23
703B: .LABEL.__LABEL25
704B: .LABEL.__LABEL27
7060: .LABEL.__LABEL41
7097: .LABEL.__LABEL32
709B: .LABEL.__LABEL33
70A2: .LABEL.__LABEL29
70B7: .LABEL.__LABEL42
70F1: .LABEL.__LABEL37
70F5: .LABEL.__LABEL38
70FC: .LABEL.__LABEL34
7107: .LABEL.__LABEL20
710A: ._Main__leave
710F: .LABEL.__LABEL0
7112: .LABEL.__LABEL9
711C: .LABEL.__LABEL10
7124: .LABEL.__LABEL11
7138: .LABEL.__LABEL12
7150: .LABEL.__LABEL31
7159: .LABEL.__LABEL36
715E: .core.__ABS32
7161: .core.__NEG32
7173: .core.__DIVU32
7177: .core.__DIVU32START
718A: .core.__DIV32LOOP
71A9: .core.__DIV32NOADD
71B7: .core.__MODU32
71BE: .core.__MODU32START
71C5: .core.__DIVI32
71C9: .core.__DIVI32START
71E6: .core.__MODI32
71F0: .core.__DIVF16
71F5: .core.__DIVF16START
7208: .core.__SHIFTALOOP
7217: .core.__SHIFTB
721A: .core.__SHIFTBLOOP
7229: .core.__DOF16_DIVIDE
722C: .core.__DOF16_DIVRDY
7238: .core.__SHIFTCLOOP
723F: .core.__ENDF16DIV
7246: .core.__MEM_INIT
724C: .core.__MEM_INIT2
726A: .core.MEM_FREE
726A: .core.__MEM_FREE
72BC: .core.__FTOU32REG
72D9: .core.__FTOU32REG_LOOP
72ED: .core.__FTOU32REG_END
7305: .core.__FTOU8
730A: .core.__SUB32
731E: .core.__LEI32
733B: .core.__ERROR
733F: .core.__ERROR_CODE
7341: .core.__STOP
7345: .core.MEM_ALLOC
7345: .core.__MEM_ALLOC
7394: .core.__ILOADSTR
739B: .core.__LOADSTR
73B4: .core.__LTI32
73C8: .core.__MUL32_64START
73D2: .core.__LMUL
73DF: .core.__LMULLOOP
73E6: .core.__LMULNOADD
73F0: .core.__LMULSTART
73FC: .core.__MULF16
740F: .core.__ROUND_FIX
7426: .core.__MODF16
744C: .core.__ILOADF
7450: .core.__LOADF
745A: .core.__PLOADF
7461: .core.__PISTORE32
7467: .core.__ISTORE32
746B: .core.__STORE32
7473: .core.__PSTORE32
747C: .core.__REALLOC
74B0: .core.__STRASSIGN
74E4: .core.__STRCPY
74F9: .core.__PISTORE_STR
74FD: .core.__ISTORE_STR
7501: .core.__STORE_STR
7511: .core.__FPSTACK_PUSH2
7522: .core.__FPSTACK_I16
752D: .core.SCREEN_ADDR
752F: .core.SCREEN_ATTR_ADDR
7531: .core.__zxnbackup_sysvar_bank
7547: .core.__zxnbackup_sysvar_bank_restore
754C: .core.__STR
754C: .core.__STR_FAST
7587: .core.__STR_BANKS
758A: .core.__STRLEN
7592: .core.__ADDSTR
7592: .core.__STRCAT2
75BB: .core.__STR_CONT1
75C4: .core.__STRCAT
75E7: .core.__I8TOFREG
75ED: .core.__I32TOFREG
75FB: .core.__U8TOFREG
7600: .core.__U32TOFREG
7614: .core.__U32TOFREG_LOOP