E000: .core.__START_PROGRAM
E015: .core.__CALL_BACK__
E017: .core.ZXBASIC_MEM_HEAP
E017: .core.ZXBASIC_USER_DATA
E317: ._common
E319: .core.ZXBASIC_USER_DATA_END
E319: .core.__MAIN_PROGRAM__
E323: .LABEL._filename
E323: .filename
E423: .endfilename
E423: .shadowlayerbit
E42D: .LABEL._BBBREAK
E43D: .LABEL._ExitToBasic
E45E: .core.__END_PROGRAM
E46B: .LABEL._ctc_sample_table
E46B: .ctc_sample_table
E48F: ._checkints
E4A4: .itbuff
E4A5: ._checkints__leave
E4A6: ._LoadSD
E4CD: .carryon
E527: .LABEL._filesize
E527: .filesize
E57D: .loadsdout2
E580: ._LoadSD__leave
E59A: ._PlaySFX
E59D: ._PlaySFX__leave
E59E: ._InitMusic
E5DE: .aybank1
E5E6: .ayseta
E5F2: .aysetde
E5FF: .exitplayerinit
E60B: .ayrepairestack
E60F: .ayplayerstack
E68F: .playmusicnl
E6DB: .exitplayernl
E6E7: .ayrepairestack2
E6E8: .re_init_music
E6F6: .mustplayernl
E700: ._InitMusic__leave
E701: ._ISR
E71F: .no_sample_to_play
E729: .no_sfx_to_play
E732: .skipfxplayernl
E742: .skipmusicplayer
E74B: .isr_replace_port
E761: .out_isr_sp
E7E5: .temp_isr_sp
E7EA: ._ISR__leave
E7EB: .PlaySFX
E7EB: ._PlaySFXSys
E81B: .AFXPLAY
E821: .afxBnkAdr
E82F: .afxPlay0
E840: .afxPlay1
E85A: ._PlaySFXSys__leave
E85B: ._InitSFX
E88B: .AFXINIT
E898: .afxInit0
E8A7: .afxInit1
E8C6: ._InitSFX__leave
E8C7: .AFXFRAME
E8C7: ._CallbackSFX
E8F9: .afxFrame0
E931: .afxFrame1
E940: .afxFrame2
E944: .afxFrame3
E949: .afxFrame4
E957: .afxFrame5
E95E: .afxFrame6
E96A: .afxFrame7
E993: ._CallbackSFX__leave
E994: ._SetUpCTC
E994: .startup
E9A3: .irq
E9BB: .patch_interrupt
EA11: .set_ctc
EA3C: .timing_tab
EA4C: .sampletiming
EA4D: .tunemamebuffer
EA4F: .raster_line
EA55: .ctc0
EA67: .out_isr_sp1
EAAD: .temp_isr_sp2
EAAF: .ctc1
EAB8: .nextsid_50hz_count
EAC2: .call_isr
EAC3: .nextsid_50hz_reset
EAC4: .no_call_isr
EAC5: .out_isr_sp3
EB0B: .temp_isr_sp3
EB0D: .raster_frame
EB11: ._SetUpCTC__leave
EB12: ._PlayCTC
EB12: .play_sample
EB15: .process_sample
EB2F: .sampread
EB3B: .sampread2
EB48: .sample
EB49: .sample_bank
EB4A: .sample_loop
EB4B: .sample_start
EB4D: .sample_length
EB4F: .sample_offset
EB51: .play_ctc_sample
EB74: .playing
EBA3: .playbankout
EBAB: .ctc0a_port
EBAB: .done_playing
EBB3: ._PlayCTC__leave
EBB4: ._SetLoadModule
EBCE: ._SetLoadModule__leave
EBD9: ._NStr
EBF4: .CharToAsc
EC16: ._NStr__leave
EC17: ._fSin
EC42: .LABEL.__LABEL1
EC7D: .LABEL.__LABEL3
ECBC: .LABEL.__LABEL4
ECFB: .LABEL.__LABEL5
ECFF: .LABEL.__LABEL6
ED37: .LABEL.__LABEL8
EDF6: .LABEL._sinetable
EE24: ._fSin__leave
EE2E: ._Main
EE56: .LABEL._MainLoop
EE5C: ._Main__leave
EE5D: ._ExecModule
EECB: .execmodule_end
EECE: ._ExecModule__leave
EEE0: ._InitInterupts
EF0E: ._InitInterupts__leave
EF19: .LABEL.__LABEL0
EF1C: .LABEL.__LABEL9
EF24: .LABEL.__LABEL10
EF2A: .core.__ABS32
EF2D: .core.__NEG32
EF3F: .core.__DIVU32
EF43: .core.__DIVU32START
EF56: .core.__DIV32LOOP
EF75: .core.__DIV32NOADD
EF83: .core.__MODU32
EF8A: .core.__MODU32START
EF91: .core.__DIVI32
EF95: .core.__DIVI32START
EFB2: .core.__MODI32
EFBC: .core.__DIVF16
EFC1: .core.__DIVF16START
EFD4: .core.__SHIFTALOOP
EFE3: .core.__SHIFTB
EFE6: .core.__SHIFTBLOOP
EFF5: .core.__DOF16_DIVIDE
EFF8: .core.__DOF16_DIVRDY
F004: .core.__SHIFTCLOOP
F00B: .core.__ENDF16DIV
F012: .core.__MEM_INIT
F018: .core.__MEM_INIT2
F036: .core.MEM_FREE
F036: .core.__MEM_FREE
F088: .core.__SUB32
F09C: .core.__LEI32
F0B9: .core.__ERROR
F0BD: .core.__ERROR_CODE
F0BF: .core.__STOP
F0C3: .core.MEM_ALLOC
F0C3: .core.__MEM_ALLOC
F112: .core.__ILOADSTR
F119: .core.__LOADSTR
F132: .core.__LTI32
F146: .core.__MUL32_64START
F150: .core.__LMUL
F15D: .core.__LMULLOOP
F164: .core.__LMULNOADD
F16E: .core.__LMULSTART
F17A: .core.__MULF16
F18D: .core.__ROUND_FIX
F1A4: .core.__MODF16
F1CA: .core.__PISTORE32
F1D0: .core.__ISTORE32
F1D4: .core.__STORE32
F1DC: .core.__PSTORE32
F1E5: .core.__PISTORE_STR2
F1E9: .core.__ISTORE_STR2
F1ED: .core.__STORE_STR2
F1FD: .core.__PSTORE_STR2
F204: .core.__REALLOC
F238: .core.__STRASSIGN
F26C: .core.__STRCPY
F281: .core.__PISTORE_STR
F285: .core.__ISTORE_STR
F289: .core.__STORE_STR
F299: .core.__STRLEN
F2A1: .core.__ADDSTR
F2A1: .core.__STRCAT2
F2CA: .core.__STR_CONT1
F2D3: .core.__STRCAT
F2F6: .core.__STRSLICE
F2FA: .core.__STRSLICE_FAST