8000: .core.__START_PROGRAM
8012: .core.__CALL_BACK__
8014: .core.ZXBASIC_USER_DATA
8014: .core.ZXBASIC_USER_DATA_END
8014: .core.__MAIN_PROGRAM__
801E: .LABEL._filename
801E: .filename
811E: .endfilename
811E: .nbtempstackstart
8121: .shadowlayerbit
812E: .LABEL.__LABEL0
8131: .core.__END_PROGRAM
813E: ._checkints
8153: .itbuff
8154: ._checkints__leave
8155: ._PlaySFX
8158: ._PlaySFX__leave
8159: ._InitMusic
819C: .aybank1
81A4: .ayseta
81B0: .aysetde
81BE: .exitplayerinit
81CA: .ayrepairestack
81D5: .ayplayerstack
8255: .playmusicnl
8287: .exitplayernl
8293: .ayrepairestack2
8294: .re_init_music
82A2: .mustplayernl
82AC: ._InitMusic__leave
82AD: ._SetUpIM
82DA: ._SetUpIM__leave
82DB: ._ISR
8303: .no_sfx_to_play
830C: .skipfxplayernl
831C: .skipmusicplayer
8332: .out_isr_sp
8377: .temp_isr_sp
8379: ._ISR__leave
837A: .PlaySFX
837A: ._PlaySFXSys
83AA: .AFXPLAY
83B0: .afxBnkAdr
83BE: .afxPlay0
83CF: .afxPlay1
83E9: ._PlaySFXSys__leave
83EA: ._InitSFX
841A: .AFXINIT
8427: .afxInit0
8436: .afxInit1
8455: ._InitSFX__leave
8456: .AFXFRAME
8456: ._CallbackSFX
848B: .afxFrame0
84C3: .afxFrame1
84D2: .afxFrame2
84D6: .afxFrame3
84DB: .afxFrame4
84E9: .afxFrame5
84F0: .afxFrame6
84FC: .afxFrame7
852F: ._CallbackSFX__leave
8530: ._InitInterupts
855E: ._InitInterupts__leave