6000: .core.__START_PROGRAM
6015: .core.__CALL_BACK__
6017: .core.ZXBASIC_MEM_HEAP
6017: .core.ZXBASIC_USER_DATA
6817: ._common
6819: ._pcounter
681A: ._pcounter2
681B: ._position
681C: ._sx
681D: ._sy
681E: ._dg
681F: ._dh
6820: ._delay
6821: ._a
6822: .core.ZXBASIC_USER_DATA_END
6822: .core.__MAIN_PROGRAM__
682B: .core.__END_PROGRAM
6842: .LABEL._filename
6842: .filename
6942: .endfilename
6942: .nbtempstackstart
6945: .shadowlayerbit
694F: .LABEL._sintable
6BCF: .LABEL._sintable2
6CD5: ._checkints
6CEA: .itbuff
6CEB: ._checkints__leave
6CEC: ._InitSprites2
6D1E: ._InitSprites2__leave
6D1F: ._UpdateSprite
6D53: ._UpdateSprite__leave
6D57: .__EXIT_FUNCTION
6D61: ._L2Text
6DB4: .PlotTextTile
6DEA: .textfontdone
6DEF: .endofl2text
6DF6: ._L2Text__leave
6E10: ._CLS256
6E18: .Cls256
6E33: .LoadAll
6E39: .ClearLoop
6E5B: ._CLS256__leave
6E64: ._WaitRetrace
6E7F: ._WaitRetrace__leave
6E88: ._GetKey2
6ED6: ._GetKey2__leave
6ED7: ._fSin
6F02: .LABEL.__LABEL1
6F3D: .LABEL.__LABEL3
6F7C: .LABEL.__LABEL4
6FBB: .LABEL.__LABEL5
6FBF: .LABEL.__LABEL6
6FF7: .LABEL.__LABEL8
70B6: .LABEL._sinetable
70E4: ._fSin__leave
70EE: ._Init
70F2: ._Init__leave
70F3: ._Main
713E: .LABEL.__LABEL12
7172: .LABEL.__LABEL14
7199: .LABEL.__LABEL16
71A1: .LABEL.__LABEL20
71AB: .LABEL.__LABEL13
71B0: ._Main__leave
71B1: ._draw_sprites
71D0: .LABEL.__LABEL25
725A: .LABEL.__LABEL27
725E: .LABEL.__LABEL28
7281: .LABEL.__LABEL22
728C: ._draw_sprites__leave
7291: .LABEL.__LABEL0
7294: .LABEL.__LABEL9
72A6: .LABEL.__LABEL10
72C4: .LABEL.__LABEL11
72D4: .core.__ABS32
72D7: .core.__NEG32
72E9: .core.__DIVU32
72ED: .core.__DIVU32START
7300: .core.__DIV32LOOP
731F: .core.__DIV32NOADD
732D: .core.__MODU32
7334: .core.__MODU32START
733B: .core.__DIVI32
733F: .core.__DIVI32START
735C: .core.__MODI32
7366: .core.__DIVF16
736B: .core.__DIVF16START
737E: .core.__SHIFTALOOP
738D: .core.__SHIFTB
7390: .core.__SHIFTBLOOP
739F: .core.__DOF16_DIVIDE
73A2: .core.__DOF16_DIVRDY
73AE: .core.__SHIFTCLOOP
73B5: .core.__ENDF16DIV
73BC: .core.__MEM_INIT
73C2: .core.__MEM_INIT2
73E0: .core.MEM_FREE
73E0: .core.__MEM_FREE
7432: .core.__SUB32
7446: .core.__LEI32
7463: .core.__ERROR
7467: .core.__ERROR_CODE
7469: .core.__STOP
746D: .core.MEM_ALLOC
746D: .core.__MEM_ALLOC
74BC: .core.__ILOADSTR
74C3: .core.__LOADSTR
74DC: .core.__LTI32
74F0: .core.__MUL32_64START
74FA: .core.__LMUL
7507: .core.__LMULLOOP
750E: .core.__LMULNOADD
7518: .core.__LMULSTART
7524: .core.__MULF16
7537: .core.__ROUND_FIX
754E: .core.__MODF16
7574: .core.__PISTORE32
757A: .core.__ISTORE32
757E: .core.__STORE32
7586: .core.__PSTORE32
758F: .core.__REALLOC
75C3: .core.__STRASSIGN
75F7: .core.__STRCPY
760C: .core.__PISTORE_STR
7610: .core.__ISTORE_STR
7614: .core.__STORE_STR
7624: .core.__FPSTACK_PUSH2
7635: .core.__FPSTACK_I16
7640: .core.SCREEN_ADDR
7642: .core.SCREEN_ATTR_ADDR
7644: .core.__zxnbackup_sysvar_bank
765A: .core.__zxnbackup_sysvar_bank_restore
765F: .core.__STR
765F: .core.__STR_FAST
769A: .core.__STR_BANKS
769D: .core.__I8TOFREG
76A3: .core.__I32TOFREG
76B1: .core.__U8TOFREG
76B6: .core.__U32TOFREG
76CA: .core.__U32TOFREG_LOOP