6000: .core.__START_PROGRAM
6015: .core.__CALL_BACK__
6017: .core.ZXBASIC_MEM_HEAP
6017: .core.ZXBASIC_USER_DATA
6817: ._common
6819: .core.ZXBASIC_USER_DATA_END
6819: .core.__MAIN_PROGRAM__
6822: .core.__END_PROGRAM
6839: .LABEL._filename
6839: .filename
6939: .endfilename
6939: .nbtempstackstart
693C: .shadowlayerbit
694C: ._checkints
6961: .itbuff
6962: ._checkints__leave
6963: ._InitSprites2
6995: ._InitSprites2__leave
6996: ._RemoveSprite
69B7: ._RemoveSprite__leave
69C1: ._L2Text
6A14: .PlotTextTile
6A4A: .textfontdone
6A4F: .endofl2text
6A56: ._L2Text__leave
6A70: ._CLS256
6A78: .Cls256
6A93: .LoadAll
6A99: .ClearLoop
6ABB: ._CLS256__leave
6AC4: ._WaitRetrace
6ADF: ._WaitRetrace__leave
6AE8: ._GetKey2
6B36: ._GetKey2__leave
6B37: ._fSin
6B62: .LABEL.__LABEL1
6B9D: .LABEL.__LABEL3
6BDC: .LABEL.__LABEL4
6C1B: .LABEL.__LABEL5
6C1F: .LABEL.__LABEL6
6C57: .LABEL.__LABEL8
6D16: .LABEL._sinetable
6D44: ._fSin__leave
6D4E: ._Init
6D66: .LABEL.__LABEL12
6D72: .LABEL.__LABEL9
6D7A: ._Init__leave
6D7F: ._Main
6DB6: .LABEL.__LABEL16
6DC4: .LABEL.__LABEL17
6DC9: ._Main__leave
6DCA: .LABEL.__LABEL0
6DCD: .LABEL.__LABEL14
6DDF: .LABEL.__LABEL15
6DFD: .core.__ABS32
6E00: .core.__NEG32
6E12: .core.__DIVU32
6E16: .core.__DIVU32START
6E29: .core.__DIV32LOOP
6E48: .core.__DIV32NOADD
6E56: .core.__MODU32
6E5D: .core.__MODU32START
6E64: .core.__DIVI32
6E68: .core.__DIVI32START
6E85: .core.__MODI32
6E8F: .core.__DIVF16
6E94: .core.__DIVF16START
6EA7: .core.__SHIFTALOOP
6EB6: .core.__SHIFTB
6EB9: .core.__SHIFTBLOOP
6EC8: .core.__DOF16_DIVIDE
6ECB: .core.__DOF16_DIVRDY
6ED7: .core.__SHIFTCLOOP
6EDE: .core.__ENDF16DIV
6EE5: .core.__MEM_INIT
6EEB: .core.__MEM_INIT2
6F09: .core.MEM_FREE
6F09: .core.__MEM_FREE
6F5B: .core.__SUB32
6F6F: .core.__LEI32
6F8C: .core.__ERROR
6F90: .core.__ERROR_CODE
6F92: .core.__STOP
6F96: .core.MEM_ALLOC
6F96: .core.__MEM_ALLOC
6FE5: .core.__ILOADSTR
6FEC: .core.__LOADSTR
7005: .core.__LTI32
7019: .core.__MUL32_64START
7023: .core.__LMUL
7030: .core.__LMULLOOP
7037: .core.__LMULNOADD
7041: .core.__LMULSTART
704D: .core.__MULF16
7060: .core.__ROUND_FIX
7077: .core.__MODF16
709D: .core.__PISTORE32
70A3: .core.__ISTORE32
70A7: .core.__STORE32
70AF: .core.__PSTORE32
70B8: .core.__REALLOC
70EC: .core.__STRASSIGN
7120: .core.__STRCPY
7135: .core.__PISTORE_STR
7139: .core.__ISTORE_STR
713D: .core.__STORE_STR