E000: .core.__START_PROGRAM
E015: .core.__CALL_BACK__
E017: .core.ZXBASIC_MEM_HEAP
E017: .core.ZXBASIC_USER_DATA
E317: ._common
E319: .core.ZXBASIC_USER_DATA_END
E319: .core.__MAIN_PROGRAM__
E323: .LABEL._filename
E323: .filename
E423: .endfilename
E423: .shadowlayerbit
E43F: .LABEL._ExitToBasic
E460: .core.__END_PROGRAM
E46D: ._checkints
E482: .itbuff
E483: ._checkints__leave
E484: ._LoadSD
E4AB: .carryon
E505: .LABEL._filesize
E505: .filesize
E55B: .loadsdout2
E55E: ._LoadSD__leave
E578: ._SetLoadModule
E592: ._SetLoadModule__leave
E59D: ._NStr
E5B8: .CharToAsc
E5DA: ._NStr__leave
E5DB: ._fSin
E606: .LABEL.__LABEL1
E641: .LABEL.__LABEL3
E680: .LABEL.__LABEL4
E6BF: .LABEL.__LABEL5
E6C3: .LABEL.__LABEL6
E6FB: .LABEL.__LABEL8
E7BA: .LABEL._sinetable
E7E8: ._fSin__leave
E7F2: ._Main
E816: .LABEL._MainLoop
E81C: ._Main__leave
E81D: ._ExecModule
E88B: .execmodule_end
E88E: ._ExecModule__leave
E8A0: .LABEL.__LABEL0
E8A3: .LABEL.__LABEL9
E8AB: .LABEL.__LABEL10
E8B1: .core.SCREEN_ADDR
E8B3: .core.SCREEN_ATTR_ADDR
E8B5: .core.__ERROR
E8B9: .core.__ERROR_CODE
E8BB: .core.__STOP
E8BF: .core.__IN_SCREEN
E8C9: .core.__OUT_OF_SCREEN_ERR
E8CE: .core.__ATTR_ADDR
E8DF: .core.SET_ATTR
E8E6: .core.__SET_ATTR
E8E6: .core.__SET_ATTR2
E8F3: .core.__LOAD_S_POSN
E8FF: .core.__SAVE_S_POSN
E908: .core.__SET_SCR_PTR
E925: .core.__zxnbackup_sysvar_bank
E93B: .core.__zxnbackup_sysvar_bank_restore
E940: .core.CLS
E974: .core.COPY_ATTR
E989: .core.__SET_ATTR_MODE
E995: .core.__ABS32
E998: .core.__NEG32
E9AA: .core.__DIVU32
E9AE: .core.__DIVU32START
E9C1: .core.__DIV32LOOP
E9E0: .core.__DIV32NOADD
E9EE: .core.__MODU32
E9F5: .core.__MODU32START
E9FC: .core.__DIVI32
EA00: .core.__DIVI32START
EA1D: .core.__MODI32
EA27: .core.__DIVF16
EA2C: .core.__DIVF16START
EA3F: .core.__SHIFTALOOP
EA4E: .core.__SHIFTB
EA51: .core.__SHIFTBLOOP
EA60: .core.__DOF16_DIVIDE
EA63: .core.__DOF16_DIVRDY
EA6F: .core.__SHIFTCLOOP
EA76: .core.__ENDF16DIV
EA7D: .core.__MEM_INIT
EA83: .core.__MEM_INIT2
EAA1: .core.MEM_FREE
EAA1: .core.__MEM_FREE
EAF3: .core.__SUB32
EB07: .core.__LEI32
EB24: .core.MEM_ALLOC
EB24: .core.__MEM_ALLOC
EB73: .core.__ILOADSTR
EB7A: .core.__LOADSTR
EB93: .core.__LTI32
EBA7: .core.__MUL32_64START
EBB1: .core.__LMUL
EBBE: .core.__LMULLOOP
EBC5: .core.__LMULNOADD
EBCF: .core.__LMULSTART
EBDB: .core.__MULF16
EBEE: .core.__ROUND_FIX
EC05: .core.__MODF16
EC2B: .core.PAPER
EC50: .core.PAPER_TMP
EC59: .core.__PISTORE32
EC5F: .core.__ISTORE32
EC63: .core.__STORE32
EC6B: .core.__PSTORE32
EC74: .core.__PISTORE_STR2
EC78: .core.__ISTORE_STR2
EC7C: .core.__STORE_STR2
EC8C: .core.__PSTORE_STR2
EC93: .core.__REALLOC
ECC7: .core.__STRASSIGN
ECFB: .core.__STRCPY
ED10: .core.__PISTORE_STR
ED14: .core.__ISTORE_STR
ED18: .core.__STORE_STR
ED28: .core.__STRLEN
ED30: .core.__ADDSTR
ED30: .core.__STRCAT2
ED59: .core.__STR_CONT1
ED62: .core.__STRCAT
ED85: .core.__STRSLICE
ED89: .core.__STRSLICE_FAST